2025-01-31 04:03:02 - WARNING  - Logging to: saved_models/model_CifarFed_Jan.31_04.03.02_cifar
2025-01-31 04:03:02 - ERROR    - LINK: <a href="https://github.com/ebagdasa/backdoors/tree/None">https://github.com/ebagdasa/backdoors/tree/None</a>
2025-01-31 04:03:05 - WARNING  - Running vanilla FL, no attack.
2025-01-31 04:03:05 - WARNING  - | name | value | 
 |-----|-----|
| task | CifarFed |
| synthesizer | Pattern |
| batch_size | 64 |
| test_batch_size | 100 |
| lr | 0.1 |
| momentum | 0.9 |
| decay | 0.0005 |
| epochs | 350 |
| save_on_epochs | [] |
| optimizer | SGD |
| log_interval | 100 |
| pretrained | False |
| scheduler | False |
| poisoning_proportion | 0.5 |
| backdoor_label | 8 |
| loss_balance | MGDA |
| mgda_normalize | none |
| save_model | True |
| log | True |
| tb | True |
| report_train_loss | False |
| transform_train | True |
| fl | True |
| fl_no_models | 10 |
| fl_local_epochs | 2 |
| fl_total_participants | 100 |
| fl_eta | 10 |
| fl_sample_dirichlet | False |
| fl_dirichlet_alpha | None |
| fl_diff_privacy | False |
| fl_dp_clip | None |
| fl_dp_noise | None |
| fl_number_of_adversaries | 0 |
| fl_weight_scale | 100 |
| loss_tasks | ['backdoor', 'normal'] |
| current_time | Jan.31_04.03.02 |
| name | cifar |
| method | br-shap |
| realacc | True |
2025-01-31 04:03:05 - INFO     - Successfully union all testing data!
2025-01-31 04:03:32 - WARNING  - Shapley share: {43: -0.013333333333333327, 61: 0.12666666666666665, 35: 0.09333333333333335, 42: 0.04, 23: 0.06000000000000001, 74: 0.0, 86: -0.01999999999999999, 19: 0.0, 72: -0.006666666666666672, 96: -0.019999999999999997}
2025-01-31 04:03:37 - WARNING  - Epoch:     1. Accuracy: Top-1: 10.03 | Loss: value: 2.31
2025-01-31 04:03:37 - WARNING  - Epoch 1
2025-01-31 04:03:37 - WARNING  - s_i: {0: 1.0, 1: 1.0, 2: 1.0, 3: 1.0, 4: 1.0, 5: 1.0, 6: 1.0, 7: 1.0, 8: 1.0, 9: 1.0, 10: 1.0, 11: 1.0, 12: 1.0, 13: 1.0, 14: 1.0, 15: 1.0, 16: 1.0, 17: 1.0, 18: 1.0, 19: 0.9868622378022124, 20: 1.0, 21: 1.0, 22: 1.0, 23: 2.786574183327302, 24: 1.0, 25: 1.0, 26: 1.0, 27: 1.0, 28: 1.0, 29: 1.0, 30: 1.0, 31: 1.0, 32: 1.0, 33: 1.0, 34: 1.0, 35: 3.786933664390066, 36: 1.0, 37: 1.0, 38: 1.0, 39: 1.0, 40: 1.0, 41: 1.0, 42: 2.187871014161204, 43: 0.5865598553800244, 44: 1.0, 45: 1.0, 46: 1.0, 47: 1.0, 48: 1.0, 49: 1.0, 50: 1.0, 51: 1.0, 52: 1.0, 53: 1.0, 54: 1.0, 55: 1.0, 56: 1.0, 57: 1.0, 58: 1.0, 59: 1.0, 60: 1.0, 61: 4.786675209137221, 62: 1.0, 63: 1.0, 64: 1.0, 65: 1.0, 66: 1.0, 67: 1.0, 68: 1.0, 69: 1.0, 70: 1.0, 71: 1.0, 72: 0.7866702803651217, 73: 1.0, 74: 0.9869702698190421, 75: 1.0, 76: 1.0, 77: 1.0, 78: 1.0, 79: 1.0, 80: 1.0, 81: 1.0, 82: 1.0, 83: 1.0, 84: 1.0, 85: 1.0, 86: 0.38592418036403475, 87: 1.0, 88: 1.0, 89: 1.0, 90: 1.0, 91: 1.0, 92: 1.0, 93: 1.0, 94: 1.0, 95: 1.0, 96: 0.387694502823713, 97: 1.0, 98: 1.0, 99: 1.0}
2025-01-31 04:03:37 - WARNING  - Sum of s_i: 107.66873539756995
2025-01-31 04:04:01 - WARNING  - Shapley share: {4: -0.10666666666666666, 96: 0.033333333333333326, 66: 0.039999999999999994, 63: -0.07333333333333332, 80: -0.006666666666666673, 65: -0.05333333333333333, 20: 0.09999999999999999, 27: 0.013333333333333322, 32: -0.07999999999999999, 93: 0.06666666666666667}
2025-01-31 04:04:06 - WARNING  - Epoch:     2. Accuracy: Top-1: 10.00 | Loss: value: 2.35
2025-01-31 04:04:06 - WARNING  - Epoch 2
2025-01-31 04:04:06 - WARNING  - s_i: {0: 1.0, 1: 1.0, 2: 1.0, 3: 1.0, 4: 1.0, 5: 1.0, 6: 1.0, 7: 1.0, 8: 1.0, 9: 1.0, 10: 1.0, 11: 1.0, 12: 1.0, 13: 1.0, 14: 1.0, 15: 1.0, 16: 1.0, 17: 1.0, 18: 1.0, 19: 0.9868622378022124, 20: 3.9858681643513294, 21: 1.0, 22: 1.0, 23: 2.786574183327302, 24: 1.0, 25: 1.0, 26: 1.0, 27: 1.3856337685138835, 28: 1.0, 29: 1.0, 30: 1.0, 31: 1.0, 32: 1.0, 33: 1.0, 34: 1.0, 35: 3.786933664390066, 36: 1.0, 37: 1.0, 38: 1.0, 39: 1.0, 40: 1.0, 41: 1.0, 42: 2.187871014161204, 43: 0.5865598553800244, 44: 1.0, 45: 1.0, 46: 1.0, 47: 1.0, 48: 1.0, 49: 1.0, 50: 1.0, 51: 1.0, 52: 1.0, 53: 1.0, 54: 1.0, 55: 1.0, 56: 1.0, 57: 1.0, 58: 1.0, 59: 1.0, 60: 1.0, 61: 4.786675209137221, 62: 1.0, 63: 1.0, 64: 1.0, 65: 1.0, 66: 2.1860048567531774, 67: 1.0, 68: 1.0, 69: 1.0, 70: 1.0, 71: 1.0, 72: 0.7866702803651217, 73: 1.0, 74: 0.9869702698190421, 75: 1.0, 76: 1.0, 77: 1.0, 78: 1.0, 79: 1.0, 80: 0.7860475328904856, 81: 1.0, 82: 1.0, 83: 1.0, 84: 1.0, 85: 1.0, 86: 0.38592418036403475, 87: 1.0, 88: 1.0, 89: 1.0, 90: 1.0, 91: 1.0, 92: 1.0, 93: 2.987730778593099, 94: 1.0, 95: 1.0, 96: 1.3753890056474256, 97: 1.0, 98: 1.0, 99: 1.0}
2025-01-31 04:04:06 - WARNING  - Sum of s_i: 114.98771500149563
2025-01-31 04:04:32 - WARNING  - Shapley share: {46: 0.06000000000000001, 76: -0.08, 94: 0.033333333333333354, 13: -0.03333333333333334, 45: 0.013333333333333327, 59: -0.13333333333333333, 54: -0.019999999999999987, 72: -0.02666666666666666, 65: -0.05333333333333332, 77: -0.04666666666666667}
2025-01-31 04:04:37 - WARNING  - Epoch:     3. Accuracy: Top-1: 11.71 | Loss: value: 2.38
2025-01-31 04:04:37 - WARNING  - Epoch 3
2025-01-31 04:04:37 - WARNING  - s_i: {0: 1.0, 1: 1.0, 2: 1.0, 3: 1.0, 4: 1.0, 5: 1.0, 6: 1.0, 7: 1.0, 8: 1.0, 9: 1.0, 10: 1.0, 11: 1.0, 12: 1.0, 13: 1.0, 14: 1.0, 15: 1.0, 16: 1.0, 17: 1.0, 18: 1.0, 19: 0.9868622378022124, 20: 3.9858681643513294, 21: 1.0, 22: 1.0, 23: 2.786574183327302, 24: 1.0, 25: 1.0, 26: 1.0, 27: 1.3856337685138835, 28: 1.0, 29: 1.0, 30: 1.0, 31: 1.0, 32: 1.0, 33: 1.0, 34: 1.0, 35: 3.786933664390066, 36: 1.0, 37: 1.0, 38: 1.0, 39: 1.0, 40: 1.0, 41: 1.0, 42: 2.187871014161204, 43: 0.5865598553800244, 44: 1.0, 45: 1.385155794839295, 46: 2.7876609587550956, 47: 1.0, 48: 1.0, 49: 1.0, 50: 1.0, 51: 1.0, 52: 1.0, 53: 1.0, 54: 0.3861582686370345, 55: 1.0, 56: 1.0, 57: 1.0, 58: 1.0, 59: 1.0, 60: 1.0, 61: 4.786675209137221, 62: 1.0, 63: 1.0, 64: 1.0, 65: 1.0, 66: 2.1860048567531774, 67: 1.0, 68: 1.0, 69: 1.0, 70: 1.0, 71: 1.0, 72: 0.7866702803651217, 73: 1.0, 74: 0.9869702698190421, 75: 1.0, 76: 1.0, 77: 1.0, 78: 1.0, 79: 1.0, 80: 0.7860475328904856, 81: 1.0, 82: 1.0, 83: 1.0, 84: 1.0, 85: 1.0, 86: 0.38592418036403475, 87: 1.0, 88: 1.0, 89: 1.0, 90: 1.0, 91: 1.0, 92: 1.0, 93: 2.987730778593099, 94: 1.9871165470814791, 95: 1.0, 96: 1.3753890056474256, 97: 1.0, 98: 1.0, 99: 1.0}
2025-01-31 04:04:37 - WARNING  - Sum of s_i: 117.53380657080854
2025-01-31 04:05:02 - WARNING  - Shapley share: {66: 0.046666666666666676, 30: -0.006666666666666658, 71: 0.1266666666666667, 97: 0.18666666666666668, 28: 0.06666666666666662, 27: 0.18666666666666668, 24: 0.15333333333333335, 12: 0.19999999999999998, 10: 0.06666666666666667, 76: 0.10000000000000002}
2025-01-31 04:05:06 - WARNING  - Epoch:     4. Accuracy: Top-1: 16.88 | Loss: value: 2.34
2025-01-31 04:05:06 - WARNING  - Epoch 4
2025-01-31 04:05:06 - WARNING  - s_i: {0: 1.0, 1: 1.0, 2: 1.0, 3: 1.0, 4: 1.0, 5: 1.0, 6: 1.0, 7: 1.0, 8: 1.0, 9: 1.0, 10: 2.9875824815942527, 11: 1.0, 12: 6.985806640595878, 13: 1.0, 14: 1.0, 15: 1.0, 16: 1.0, 17: 1.0, 18: 1.0, 19: 0.9868622378022124, 20: 3.9858681643513294, 21: 1.0, 22: 1.0, 23: 2.786574183327302, 24: 5.586502010824438, 25: 1.0, 26: 1.0, 27: 6.971267537027767, 28: 2.9858864688604467, 29: 1.0, 30: 0.787159643525429, 31: 1.0, 32: 1.0, 33: 1.0, 34: 1.0, 35: 3.786933664390066, 36: 1.0, 37: 1.0, 38: 1.0, 39: 1.0, 40: 1.0, 41: 1.0, 42: 2.187871014161204, 43: 0.5865598553800244, 44: 1.0, 45: 1.385155794839295, 46: 2.7876609587550956, 47: 1.0, 48: 1.0, 49: 1.0, 50: 1.0, 51: 1.0, 52: 1.0, 53: 1.0, 54: 0.3861582686370345, 55: 1.0, 56: 1.0, 57: 1.0, 58: 1.0, 59: 1.0, 60: 1.0, 61: 4.786675209137221, 62: 1.0, 63: 1.0, 64: 1.0, 65: 1.0, 66: 3.572009713506355, 67: 1.0, 68: 1.0, 69: 1.0, 70: 1.0, 71: 4.7856322019955755, 72: 0.7866702803651217, 73: 1.0, 74: 0.9869702698190421, 75: 1.0, 76: 3.9874667885474038, 77: 1.0, 78: 1.0, 79: 1.0, 80: 0.7860475328904856, 81: 1.0, 82: 1.0, 83: 1.0, 84: 1.0, 85: 1.0, 86: 0.38592418036403475, 87: 1.0, 88: 1.0, 89: 1.0, 90: 1.0, 91: 1.0, 92: 1.0, 93: 2.987730778593099, 94: 1.9871165470814791, 95: 1.0, 96: 1.3753890056474256, 97: 6.585934898493132, 98: 1.0, 99: 1.0}
2025-01-31 04:05:06 - WARNING  - Sum of s_i: 151.19741633051214
2025-01-31 04:05:33 - WARNING  - Shapley share: {7: 0.10666666666666666, 97: -0.039999999999999994, 9: -0.03333333333333334, 92: -0.006666666666666673, 20: 0.08000000000000003, 47: 0.026666666666666682, 88: 0.053333333333333344, 44: 0.020000000000000014, 4: -0.019999999999999997, 43: -0.05333333333333331}
2025-01-31 04:05:38 - WARNING  - Epoch:     5. Accuracy: Top-1: 12.00 | Loss: value: 2.27
2025-01-31 04:05:38 - WARNING  - Epoch 5
2025-01-31 04:05:38 - WARNING  - s_i: {0: 1.0, 1: 1.0, 2: 1.0, 3: 1.0, 4: 0.38641419003376365, 5: 1.0, 6: 1.0, 7: 4.186952697109983, 8: 1.0, 9: 1.0, 10: 2.9875824815942527, 11: 1.0, 12: 6.985806640595878, 13: 1.0, 14: 1.0, 15: 1.0, 16: 1.0, 17: 1.0, 18: 1.0, 19: 0.9868622378022124, 20: 6.37173632870266, 21: 1.0, 22: 1.0, 23: 2.786574183327302, 24: 5.586502010824438, 25: 1.0, 26: 1.0, 27: 6.971267537027767, 28: 2.9858864688604467, 29: 1.0, 30: 0.787159643525429, 31: 1.0, 32: 1.0, 33: 1.0, 34: 1.0, 35: 3.786933664390066, 36: 1.0, 37: 1.0, 38: 1.0, 39: 1.0, 40: 1.0, 41: 1.0, 42: 2.187871014161204, 43: 0.5865598553800244, 44: 1.585129430597748, 45: 1.385155794839295, 46: 2.7876609587550956, 47: 1.7873260882451074, 48: 1.0, 49: 1.0, 50: 1.0, 51: 1.0, 52: 1.0, 53: 1.0, 54: 0.3861582686370345, 55: 1.0, 56: 1.0, 57: 1.0, 58: 1.0, 59: 1.0, 60: 1.0, 61: 4.786675209137221, 62: 1.0, 63: 1.0, 64: 1.0, 65: 1.0, 66: 3.572009713506355, 67: 1.0, 68: 1.0, 69: 1.0, 70: 1.0, 71: 4.7856322019955755, 72: 0.7866702803651217, 73: 1.0, 74: 0.9869702698190421, 75: 1.0, 76: 3.9874667885474038, 77: 1.0, 78: 1.0, 79: 1.0, 80: 0.7860475328904856, 81: 1.0, 82: 1.0, 83: 1.0, 84: 1.0, 85: 1.0, 86: 0.38592418036403475, 87: 1.0, 88: 2.5876278566634925, 89: 1.0, 90: 1.0, 91: 1.0, 92: 0.7855617312167407, 93: 2.987730778593099, 94: 1.9871165470814791, 95: 1.0, 96: 1.3753890056474256, 97: 5.371869796986265, 98: 1.0, 99: 1.0}
2025-01-31 04:05:38 - WARNING  - Sum of s_i: 157.68823138722345
2025-01-31 04:06:04 - WARNING  - Shapley share: {51: -0.16666666666666669, 3: -0.1466666666666667, 69: -0.026666666666666672, 16: -0.12666666666666668, 44: -0.17333333333333337, 96: -0.14666666666666667, 50: -0.12666666666666665, 79: -0.0666666666666667, 35: -0.09333333333333334, 93: -0.10666666666666666}
2025-01-31 04:06:08 - WARNING  - Epoch:     6. Accuracy: Top-1: 13.97 | Loss: value: 2.26
2025-01-31 04:06:08 - WARNING  - Epoch 6
2025-01-31 04:06:08 - WARNING  - s_i: {0: 1.0, 1: 1.0, 2: 1.0, 3: 1.0, 4: 0.38641419003376365, 5: 1.0, 6: 1.0, 7: 4.186952697109983, 8: 1.0, 9: 1.0, 10: 2.9875824815942527, 11: 1.0, 12: 6.985806640595878, 13: 1.0, 14: 1.0, 15: 1.0, 16: 1.0, 17: 1.0, 18: 1.0, 19: 0.9868622378022124, 20: 6.37173632870266, 21: 1.0, 22: 1.0, 23: 2.786574183327302, 24: 5.586502010824438, 25: 1.0, 26: 1.0, 27: 6.971267537027767, 28: 2.9858864688604467, 29: 1.0, 30: 0.787159643525429, 31: 1.0, 32: 1.0, 33: 1.0, 34: 1.0, 35: 0.9738673287801314, 36: 1.0, 37: 1.0, 38: 1.0, 39: 1.0, 40: 1.0, 41: 1.0, 42: 2.187871014161204, 43: 0.5865598553800244, 44: 1.585129430597748, 45: 1.385155794839295, 46: 2.7876609587550956, 47: 1.7873260882451074, 48: 1.0, 49: 1.0, 50: 1.0, 51: 1.0, 52: 1.0, 53: 1.0, 54: 0.3861582686370345, 55: 1.0, 56: 1.0, 57: 1.0, 58: 1.0, 59: 1.0, 60: 1.0, 61: 4.786675209137221, 62: 1.0, 63: 1.0, 64: 1.0, 65: 1.0, 66: 3.572009713506355, 67: 1.0, 68: 1.0, 69: 0.1875554213824303, 70: 1.0, 71: 4.7856322019955755, 72: 0.7866702803651217, 73: 1.0, 74: 0.9869702698190421, 75: 1.0, 76: 3.9874667885474038, 77: 1.0, 78: 1.0, 79: 1.0, 80: 0.7860475328904856, 81: 1.0, 82: 1.0, 83: 1.0, 84: 1.0, 85: 1.0, 86: 0.38592418036403475, 87: 1.0, 88: 2.5876278566634925, 89: 1.0, 90: 1.0, 91: 1.0, 92: 0.7855617312167407, 93: 2.987730778593099, 94: 1.9871165470814791, 95: 1.0, 96: 1.3753890056474256, 97: 5.371869796986265, 98: 1.0, 99: 1.0}
2025-01-31 04:06:08 - WARNING  - Sum of s_i: 154.06272047299595
2025-01-31 04:06:35 - WARNING  - Shapley share: {93: -0.09999999999999999, 2: -0.18000000000000002, 81: -0.21333333333333337, 88: -0.27999999999999997, 86: -0.26, 30: -0.25333333333333335, 19: -0.24000000000000005, 44: -0.17333333333333337, 91: -0.12666666666666665, 96: -0.14000000000000004}
2025-01-31 04:06:39 - WARNING  - Epoch:     7. Accuracy: Top-1: 15.16 | Loss: value: 2.19
2025-01-31 04:06:39 - WARNING  - Epoch 7
2025-01-31 04:06:39 - WARNING  - s_i: {0: 1.0, 1: 1.0, 2: 1.0, 3: 1.0, 4: 0.38641419003376365, 5: 1.0, 6: 1.0, 7: 4.186952697109983, 8: 1.0, 9: 1.0, 10: 2.9875824815942527, 11: 1.0, 12: 6.985806640595878, 13: 1.0, 14: 1.0, 15: 1.0, 16: 1.0, 17: 1.0, 18: 1.0, 19: 0.9868622378022124, 20: 6.37173632870266, 21: 1.0, 22: 1.0, 23: 2.786574183327302, 24: 5.586502010824438, 25: 1.0, 26: 1.0, 27: 6.971267537027767, 28: 2.9858864688604467, 29: 1.0, 30: 0.787159643525429, 31: 1.0, 32: 1.0, 33: 1.0, 34: 1.0, 35: 0.9738673287801314, 36: 1.0, 37: 1.0, 38: 1.0, 39: 1.0, 40: 1.0, 41: 1.0, 42: 2.187871014161204, 43: 0.5865598553800244, 44: 1.585129430597748, 45: 1.385155794839295, 46: 2.7876609587550956, 47: 1.7873260882451074, 48: 1.0, 49: 1.0, 50: 1.0, 51: 1.0, 52: 1.0, 53: 1.0, 54: 0.3861582686370345, 55: 1.0, 56: 1.0, 57: 1.0, 58: 1.0, 59: 1.0, 60: 1.0, 61: 4.786675209137221, 62: 1.0, 63: 1.0, 64: 1.0, 65: 1.0, 66: 3.572009713506355, 67: 1.0, 68: 1.0, 69: 0.1875554213824303, 70: 1.0, 71: 4.7856322019955755, 72: 0.7866702803651217, 73: 1.0, 74: 0.9869702698190421, 75: 1.0, 76: 3.9874667885474038, 77: 1.0, 78: 1.0, 79: 1.0, 80: 0.7860475328904856, 81: 1.0, 82: 1.0, 83: 1.0, 84: 1.0, 85: 1.0, 86: 0.38592418036403475, 87: 1.0, 88: 2.5876278566634925, 89: 1.0, 90: 1.0, 91: 1.0, 92: 0.7855617312167407, 93: 2.987730778593099, 94: 1.9871165470814791, 95: 1.0, 96: 1.3753890056474256, 97: 5.371869796986265, 98: 1.0, 99: 1.0}
2025-01-31 04:06:39 - WARNING  - Sum of s_i: 154.06272047299595
2025-01-31 04:07:07 - WARNING  - Shapley share: {62: 0.18, 7: 0.05333333333333336, 78: 0.013333333333333308, 21: 0.01999999999999998, 25: -0.02000000000000002, 42: 0.12666666666666673, 37: 0.06000000000000003, 96: 0.14666666666666667, 55: 0.25333333333333335, 83: 0.06}
2025-01-31 04:07:11 - WARNING  - Epoch:     8. Accuracy: Top-1: 20.00 | Loss: value: 2.13
2025-01-31 04:07:11 - WARNING  - Epoch 8
2025-01-31 04:07:11 - WARNING  - s_i: {0: 1.0, 1: 1.0, 2: 1.0, 3: 1.0, 4: 0.38641419003376365, 5: 1.0, 6: 1.0, 7: 5.773905394219967, 8: 1.0, 9: 1.0, 10: 2.9875824815942527, 11: 1.0, 12: 6.985806640595878, 13: 1.0, 14: 1.0, 15: 1.0, 16: 1.0, 17: 1.0, 18: 1.0, 19: 0.9868622378022124, 20: 6.37173632870266, 21: 1.5873212918413315, 22: 1.0, 23: 2.786574183327302, 24: 5.586502010824438, 25: 0.3867661528532136, 26: 1.0, 27: 6.971267537027767, 28: 2.9858864688604467, 29: 1.0, 30: 0.787159643525429, 31: 1.0, 32: 1.0, 33: 1.0, 34: 1.0, 35: 0.9738673287801314, 36: 1.0, 37: 2.7859549070812264, 38: 1.0, 39: 1.0, 40: 1.0, 41: 1.0, 42: 5.97574202832241, 43: 0.5865598553800244, 44: 1.585129430597748, 45: 1.385155794839295, 46: 2.7876609587550956, 47: 1.7873260882451074, 48: 1.0, 49: 1.0, 50: 1.0, 51: 1.0, 52: 1.0, 53: 1.0, 54: 0.3861582686370345, 55: 1.0, 56: 1.0, 57: 1.0, 58: 1.0, 59: 1.0, 60: 1.0, 61: 4.786675209137221, 62: 6.386661417915791, 63: 1.0, 64: 1.0, 65: 1.0, 66: 3.572009713506355, 67: 1.0, 68: 1.0, 69: 0.1875554213824303, 70: 1.0, 71: 4.7856322019955755, 72: 0.7866702803651217, 73: 1.0, 74: 0.9869702698190421, 75: 1.0, 76: 3.9874667885474038, 77: 1.0, 78: 1.387674479175777, 79: 1.0, 80: 0.7860475328904856, 81: 1.0, 82: 1.0, 83: 2.7873324590259547, 84: 1.0, 85: 1.0, 86: 0.38592418036403475, 87: 1.0, 88: 2.5876278566634925, 89: 1.0, 90: 1.0, 91: 1.0, 92: 0.7855617312167407, 93: 2.987730778593099, 94: 1.9871165470814791, 95: 1.0, 96: 5.763083508471139, 97: 5.371869796986265, 98: 1.0, 99: 1.0}
2025-01-31 04:07:11 - WARNING  - Sum of s_i: 173.14694939498415
2025-01-31 04:07:38 - WARNING  - Shapley share: {58: -0.05333333333333333, 68: 0.006666666666666672, 78: -0.07999999999999999, 47: 0.09999999999999998, 60: 0.026666666666666672, 28: 0.07333333333333336, 18: -5.551115123125783e-18, 49: -0.0066666666666666775, 51: 0.07333333333333333, 46: -0.06000000000000001}
2025-01-31 04:07:43 - WARNING  - Epoch:     9. Accuracy: Top-1: 15.80 | Loss: value: 2.21
2025-01-31 04:07:43 - WARNING  - Epoch 9
2025-01-31 04:07:43 - WARNING  - s_i: {0: 1.0, 1: 1.0, 2: 1.0, 3: 1.0, 4: 0.38641419003376365, 5: 1.0, 6: 1.0, 7: 5.773905394219967, 8: 1.0, 9: 1.0, 10: 2.9875824815942527, 11: 1.0, 12: 6.985806640595878, 13: 1.0, 14: 1.0, 15: 1.0, 16: 1.0, 17: 1.0, 18: 0.9868651505396903, 19: 0.9868622378022124, 20: 6.37173632870266, 21: 1.5873212918413315, 22: 1.0, 23: 2.786574183327302, 24: 5.586502010824438, 25: 0.3867661528532136, 26: 1.0, 27: 6.971267537027767, 28: 5.171772937720895, 29: 1.0, 30: 0.787159643525429, 31: 1.0, 32: 1.0, 33: 1.0, 34: 1.0, 35: 0.9738673287801314, 36: 1.0, 37: 2.7859549070812264, 38: 1.0, 39: 1.0, 40: 1.0, 41: 1.0, 42: 5.97574202832241, 43: 0.5865598553800244, 44: 1.585129430597748, 45: 1.385155794839295, 46: 0.9753219175101902, 47: 4.774652176490214, 48: 1.0, 49: 0.7878625234759249, 50: 1.0, 51: 3.1863730445888305, 52: 1.0, 53: 1.0, 54: 0.3861582686370345, 55: 1.0, 56: 1.0, 57: 1.0, 58: 1.0, 59: 1.0, 60: 1.7850107273379523, 61: 4.786675209137221, 62: 6.386661417915791, 63: 1.0, 64: 1.0, 65: 1.0, 66: 3.572009713506355, 67: 1.0, 68: 1.187851564669476, 69: 0.1875554213824303, 70: 1.0, 71: 4.7856322019955755, 72: 0.7866702803651217, 73: 1.0, 74: 0.9869702698190421, 75: 1.0, 76: 3.9874667885474038, 77: 1.0, 78: 1.387674479175777, 79: 1.0, 80: 0.7860475328904856, 81: 1.0, 82: 1.0, 83: 2.7873324590259547, 84: 1.0, 85: 1.0, 86: 0.38592418036403475, 87: 1.0, 88: 2.5876278566634925, 89: 1.0, 90: 1.0, 91: 1.0, 92: 0.7855617312167407, 93: 2.987730778593099, 94: 1.9871165470814791, 95: 1.0, 96: 5.763083508471139, 97: 5.371869796986265, 98: 1.0, 99: 1.0}
2025-01-31 04:07:43 - WARNING  - Sum of s_i: 179.44178592145667
2025-01-31 04:08:09 - WARNING  - Shapley share: {81: 0.18, 2: 0.08666666666666666, 38: 0.10666666666666672, 1: 0.20000000000000004, 23: 0.18000000000000002, 73: 0.2333333333333333, 13: 0.18, 21: 0.15333333333333338, 22: 0.16000000000000003, 8: 0.14}
2025-01-31 04:08:13 - WARNING  - Epoch:    10. Accuracy: Top-1: 19.00 | Loss: value: 2.13
2025-01-31 04:08:13 - WARNING  - Epoch 10
2025-01-31 04:08:13 - WARNING  - s_i: {0: 1.0, 1: 6.987633511436716, 2: 3.586193817928383, 3: 1.0, 4: 0.38641419003376365, 5: 1.0, 6: 1.0, 7: 5.773905394219967, 8: 5.185037804351368, 9: 1.0, 10: 2.9875824815942527, 11: 1.0, 12: 6.985806640595878, 13: 6.387445308731339, 14: 1.0, 15: 1.0, 16: 1.0, 17: 1.0, 18: 0.9868651505396903, 19: 0.9868622378022124, 20: 6.37173632870266, 21: 6.174642583682665, 22: 5.786297711962424, 23: 2.786574183327302, 24: 5.586502010824438, 25: 0.3867661528532136, 26: 1.0, 27: 6.971267537027767, 28: 5.171772937720895, 29: 1.0, 30: 0.787159643525429, 31: 1.0, 32: 1.0, 33: 1.0, 34: 1.0, 35: 0.9738673287801314, 36: 1.0, 37: 2.7859549070812264, 38: 4.18606687868405, 39: 1.0, 40: 1.0, 41: 1.0, 42: 5.97574202832241, 43: 0.5865598553800244, 44: 1.585129430597748, 45: 1.385155794839295, 46: 0.9753219175101902, 47: 4.774652176490214, 48: 1.0, 49: 0.7878625234759249, 50: 1.0, 51: 3.1863730445888305, 52: 1.0, 53: 1.0, 54: 0.3861582686370345, 55: 1.0, 56: 1.0, 57: 1.0, 58: 1.0, 59: 1.0, 60: 1.7850107273379523, 61: 4.786675209137221, 62: 6.386661417915791, 63: 1.0, 64: 1.0, 65: 1.0, 66: 3.572009713506355, 67: 1.0, 68: 1.187851564669476, 69: 0.1875554213824303, 70: 1.0, 71: 4.7856322019955755, 72: 0.7866702803651217, 73: 7.986353624180187, 74: 0.9869702698190421, 75: 1.0, 76: 3.9874667885474038, 77: 1.0, 78: 1.387674479175777, 79: 1.0, 80: 0.7860475328904856, 81: 6.386044128231381, 82: 1.0, 83: 2.7873324590259547, 84: 1.0, 85: 1.0, 86: 0.38592418036403475, 87: 1.0, 88: 2.5876278566634925, 89: 1.0, 90: 1.0, 91: 1.0, 92: 0.7855617312167407, 93: 2.987730778593099, 94: 1.9871165470814791, 95: 1.0, 96: 5.763083508471139, 97: 5.371869796986265, 98: 1.0, 99: 1.0}
2025-01-31 04:08:13 - WARNING  - Sum of s_i: 222.52017999880385
2025-01-31 04:08:19 - WARNING  - The sum of accs: 18.0
2025-01-31 04:08:19 - WARNING  - The welfare is 17.900332705143292
2025-01-31 04:08:45 - WARNING  - Shapley share: {45: -0.2733333333333333, 60: -0.1266666666666667, 15: -0.24, 48: -0.15333333333333335, 35: -0.10666666666666669, 75: -0.13999999999999999, 57: -0.26666666666666666, 84: -0.2733333333333333, 40: -0.29333333333333333, 85: -0.3666666666666667}
2025-01-31 04:08:49 - WARNING  - Epoch:    11. Accuracy: Top-1: 23.62 | Loss: value: 2.09
2025-01-31 04:08:49 - WARNING  - Epoch 11
2025-01-31 04:08:49 - WARNING  - s_i: {0: 1.0, 1: 6.987633511436716, 2: 3.586193817928383, 3: 1.0, 4: 0.38641419003376365, 5: 1.0, 6: 1.0, 7: 5.773905394219967, 8: 5.185037804351368, 9: 1.0, 10: 2.9875824815942527, 11: 1.0, 12: 6.985806640595878, 13: 6.387445308731339, 14: 1.0, 15: 1.0, 16: 1.0, 17: 1.0, 18: 0.9868651505396903, 19: 0.9868622378022124, 20: 6.37173632870266, 21: 6.174642583682665, 22: 5.786297711962424, 23: 2.786574183327302, 24: 5.586502010824438, 25: 0.3867661528532136, 26: 1.0, 27: 6.971267537027767, 28: 5.171772937720895, 29: 1.0, 30: 0.787159643525429, 31: 1.0, 32: 1.0, 33: 1.0, 34: 1.0, 35: 0.9738673287801314, 36: 1.0, 37: 2.7859549070812264, 38: 4.18606687868405, 39: 1.0, 40: 1.0, 41: 1.0, 42: 5.97574202832241, 43: 0.5865598553800244, 44: 1.585129430597748, 45: 1.385155794839295, 46: 0.9753219175101902, 47: 4.774652176490214, 48: 1.0, 49: 0.7878625234759249, 50: 1.0, 51: 3.1863730445888305, 52: 1.0, 53: 1.0, 54: 0.3861582686370345, 55: 1.0, 56: 1.0, 57: 1.0, 58: 1.0, 59: 1.0, 60: 1.7850107273379523, 61: 4.786675209137221, 62: 6.386661417915791, 63: 1.0, 64: 1.0, 65: 1.0, 66: 3.572009713506355, 67: 1.0, 68: 1.187851564669476, 69: 0.1875554213824303, 70: 1.0, 71: 4.7856322019955755, 72: 0.7866702803651217, 73: 7.986353624180187, 74: 0.9869702698190421, 75: 1.0, 76: 3.9874667885474038, 77: 1.0, 78: 1.387674479175777, 79: 1.0, 80: 0.7860475328904856, 81: 6.386044128231381, 82: 1.0, 83: 2.7873324590259547, 84: 1.0, 85: 1.0, 86: 0.38592418036403475, 87: 1.0, 88: 2.5876278566634925, 89: 1.0, 90: 1.0, 91: 1.0, 92: 0.7855617312167407, 93: 2.987730778593099, 94: 1.9871165470814791, 95: 1.0, 96: 5.763083508471139, 97: 5.371869796986265, 98: 1.0, 99: 1.0}
2025-01-31 04:08:49 - WARNING  - Sum of s_i: 222.52017999880385
2025-01-31 04:09:18 - WARNING  - Shapley share: {44: 0.09333333333333328, 92: 0.013333333333333272, 93: -0.013333333333333402, 20: -0.026666666666666672, 2: 0.04, 84: 0.03333333333333334, 96: -0.02666666666666668, 55: 0.020000000000000018, 71: 0.053333333333333344, 4: 0.046666666666666676}
2025-01-31 04:09:23 - WARNING  - Epoch:    12. Accuracy: Top-1: 24.46 | Loss: value: 2.00
2025-01-31 04:09:23 - WARNING  - Epoch 12
2025-01-31 04:09:23 - WARNING  - s_i: {0: 1.0, 1: 6.987633511436716, 2: 4.7723876358567665, 3: 1.0, 4: 1.7728283800675273, 5: 1.0, 6: 1.0, 7: 5.773905394219967, 8: 5.185037804351368, 9: 1.0, 10: 2.9875824815942527, 11: 1.0, 12: 6.985806640595878, 13: 6.387445308731339, 14: 1.0, 15: 1.0, 16: 1.0, 17: 1.0, 18: 0.9868651505396903, 19: 0.9868622378022124, 20: 5.557604493053989, 21: 6.174642583682665, 22: 5.786297711962424, 23: 2.786574183327302, 24: 5.586502010824438, 25: 0.3867661528532136, 26: 1.0, 27: 6.971267537027767, 28: 5.171772937720895, 29: 1.0, 30: 0.787159643525429, 31: 1.0, 32: 1.0, 33: 1.0, 34: 1.0, 35: 0.9738673287801314, 36: 1.0, 37: 2.7859549070812264, 38: 4.18606687868405, 39: 1.0, 40: 1.0, 41: 1.0, 42: 5.97574202832241, 43: 0.5865598553800244, 44: 4.370258861195494, 45: 1.385155794839295, 46: 0.9753219175101902, 47: 4.774652176490214, 48: 1.0, 49: 0.7878625234759249, 50: 1.0, 51: 3.1863730445888305, 52: 1.0, 53: 1.0, 54: 0.3861582686370345, 55: 1.5876912111448749, 56: 1.0, 57: 1.0, 58: 1.0, 59: 1.0, 60: 1.7850107273379523, 61: 4.786675209137221, 62: 6.386661417915791, 63: 1.0, 64: 1.0, 65: 1.0, 66: 3.572009713506355, 67: 1.0, 68: 1.187851564669476, 69: 0.1875554213824303, 70: 1.0, 71: 6.371264403991151, 72: 0.7866702803651217, 73: 7.986353624180187, 74: 0.9869702698190421, 75: 1.0, 76: 3.9874667885474038, 77: 1.0, 78: 1.387674479175777, 79: 1.0, 80: 0.7860475328904856, 81: 6.386044128231381, 82: 1.0, 83: 2.7873324590259547, 84: 1.9855205205955215, 85: 1.0, 86: 0.38592418036403475, 87: 1.0, 88: 2.5876278566634925, 89: 1.0, 90: 1.0, 91: 1.0, 92: 1.1711234624334796, 93: 2.575461557186196, 94: 1.9871165470814791, 95: 1.0, 96: 4.950778011294851, 97: 5.371869796986265, 98: 1.0, 99: 1.0}
2025-01-31 04:09:23 - WARNING  - Sum of s_i: 229.3836165480846
2025-01-31 04:09:49 - WARNING  - Shapley share: {25: -0.3066666666666666, 91: -0.06666666666666667, 63: -0.019999999999999993, 44: -0.08666666666666667, 9: -0.12666666666666668, 94: -0.15333333333333332, 45: -0.033333333333333375, 75: -0.15333333333333327, 72: -0.05333333333333336, 92: -0.07333333333333329}
2025-01-31 04:09:53 - WARNING  - Epoch:    13. Accuracy: Top-1: 24.96 | Loss: value: 1.98
2025-01-31 04:09:53 - WARNING  - Epoch 13
2025-01-31 04:09:53 - WARNING  - s_i: {0: 1.0, 1: 6.987633511436716, 2: 4.7723876358567665, 3: 1.0, 4: 1.7728283800675273, 5: 1.0, 6: 1.0, 7: 5.773905394219967, 8: 5.185037804351368, 9: 1.0, 10: 2.9875824815942527, 11: 1.0, 12: 6.985806640595878, 13: 6.387445308731339, 14: 1.0, 15: 1.0, 16: 1.0, 17: 1.0, 18: 0.9868651505396903, 19: 0.9868622378022124, 20: 5.557604493053989, 21: 6.174642583682665, 22: 5.786297711962424, 23: 2.786574183327302, 24: 5.586502010824438, 25: 0.3867661528532136, 26: 1.0, 27: 6.971267537027767, 28: 5.171772937720895, 29: 1.0, 30: 0.787159643525429, 31: 1.0, 32: 1.0, 33: 1.0, 34: 1.0, 35: 0.9738673287801314, 36: 1.0, 37: 2.7859549070812264, 38: 4.18606687868405, 39: 1.0, 40: 1.0, 41: 1.0, 42: 5.97574202832241, 43: 0.5865598553800244, 44: 1.755388291793242, 45: 0.3703115896785887, 46: 0.9753219175101902, 47: 4.774652176490214, 48: 1.0, 49: 0.7878625234759249, 50: 1.0, 51: 3.1863730445888305, 52: 1.0, 53: 1.0, 54: 0.3861582686370345, 55: 1.5876912111448749, 56: 1.0, 57: 1.0, 58: 1.0, 59: 1.0, 60: 1.7850107273379523, 61: 4.786675209137221, 62: 6.386661417915791, 63: 0.3877509947926322, 64: 1.0, 65: 1.0, 66: 3.572009713506355, 67: 1.0, 68: 1.187851564669476, 69: 0.1875554213824303, 70: 1.0, 71: 6.371264403991151, 72: 0.7866702803651217, 73: 7.986353624180187, 74: 0.9869702698190421, 75: 1.0, 76: 3.9874667885474038, 77: 1.0, 78: 1.387674479175777, 79: 1.0, 80: 0.7860475328904856, 81: 6.386044128231381, 82: 1.0, 83: 2.7873324590259547, 84: 1.9855205205955215, 85: 1.0, 86: 0.38592418036403475, 87: 1.0, 88: 2.5876278566634925, 89: 1.0, 90: 1.0, 91: 1.0, 92: 1.1711234624334796, 93: 2.575461557186196, 94: 1.9871165470814791, 95: 1.0, 96: 4.950778011294851, 97: 5.371869796986265, 98: 1.0, 99: 1.0}
2025-01-31 04:09:53 - WARNING  - Sum of s_i: 225.14165276831426
2025-01-31 04:10:21 - DEBUG    - Using selector: EpollSelector
 
Delete the repo? (y/n):





                         CUDA avaiable? True
Files already downloaded and verified
Files already downloaded and verified
Sum of train  800
Sum of test  200
fl_total_participants:  100
                                                                                                                                                               
Delete the repo? (y/n):                                                                                                                                        
Traceback (most recent call last):
  File "/home/linux/Fair-Mechanism-Shapley-Value/CIFAR-10/training.py", line 350, in <module>
    answer = prompt('\nDelete the repo? (y/n): ')
             ^^^^^^^^^^^^^^^^^^^^^^^^^^^^^^^^^^^^
  File "/home/linux/anaconda3/lib/python3.12/site-packages/prompt_toolkit/shortcuts/prompt.py", line 1416, in prompt
    return session.prompt(
           ^^^^^^^^^^^^^^^
  File "/home/linux/anaconda3/lib/python3.12/site-packages/prompt_toolkit/shortcuts/prompt.py", line 1026, in prompt
    return self.app.run(
           ^^^^^^^^^^^^^
  File "/home/linux/anaconda3/lib/python3.12/site-packages/prompt_toolkit/application/application.py", line 1002, in run
    return asyncio.run(coro)
           ^^^^^^^^^^^^^^^^^
  File "/home/linux/anaconda3/lib/python3.12/asyncio/runners.py", line 194, in run
    return runner.run(main)
           ^^^^^^^^^^^^^^^^
  File "/home/linux/anaconda3/lib/python3.12/asyncio/runners.py", line 118, in run
    return self._loop.run_until_complete(task)
           ^^^^^^^^^^^^^^^^^^^^^^^^^^^^^^^^^^^
  File "/home/linux/anaconda3/lib/python3.12/asyncio/base_events.py", line 674, in run_until_complete
    self.run_forever()
  File "/home/linux/anaconda3/lib/python3.12/asyncio/base_events.py", line 641, in run_forever
    self._run_once()
  File "/home/linux/anaconda3/lib/python3.12/asyncio/base_events.py", line 1987, in _run_once
    handle._run()
  File "/home/linux/anaconda3/lib/python3.12/asyncio/events.py", line 88, in _run
    self._context.run(self._callback, *self._args)
  File "/home/linux/anaconda3/lib/python3.12/site-packages/prompt_toolkit/application/application.py", line 886, in run_async
    return await _run_async(f)
           ^^^^^^^^^^^^^^^^^^^
  File "/home/linux/anaconda3/lib/python3.12/site-packages/prompt_toolkit/application/application.py", line 746, in _run_async
    result = await f
             ^^^^^^^
KeyboardInterrupt
